node.exe :  ÔÜá Linting is disabled.
En línea: 1 Carácter: 1
+ & "C:\Program Files\nodejs/node.exe" "C:\Program Files\nodejs/node_mo ...
+ ~~~~~~~~~~~~~~~~~~~~~~~~~~~~~~~~~~~~~~~~~~~~~~~~~~~~~~~~~~~~~~~~~~~~~
    + CategoryInfo          : NotSpecified: ( ÔÜá Linting is disabled.:String) [], RemoteException
    + FullyQualifiedErrorId : NativeCommandError
 
  Ôû▓ Next.js 14.2.35
  - Environments: .env.local

   Creating an optimized production build ...
 Ô£ô Compiled successfully
   Checking validity of types ...
   Collecting page data ...
   Generating static pages (0/32) ...
Error en products-by-sku: n [Error]: Dynamic server usage: Route /api/products-by-sku couldn't be rendered statically 
because it used `cookies`. See more info here: https://nextjs.org/docs/messages/dynamic-server-error
    at l (C:\Users\pc\OneDrive\Escritorio\Veliora\B2B AI SaaS\.next\server\chunks\276.js:1:37218)
    at d (C:\Users\pc\OneDrive\Escritorio\Veliora\B2B AI SaaS\.next\server\chunks\355.js:5:9237)
    at a (C:\Users\pc\OneDrive\Escritorio\Veliora\B2B AI SaaS\.next\server\app\api\products-by-sku\route.js:1:2246)
    at p (C:\Users\pc\OneDrive\Escritorio\Veliora\B2B AI SaaS\.next\server\app\api\products-by-sku\route.js:1:835)
    at C:\Users\pc\OneDrive\Escritorio\Veliora\B2B AI 
SaaS\node_modules\next\dist\compiled\next-server\app-route.runtime.prod.js:6:38417
    at C:\Users\pc\OneDrive\Escritorio\Veliora\B2B AI SaaS\node_modules\next\dist\server\lib\trace\tracer.js:140:36
    at NoopContextManager.with (C:\Users\pc\OneDrive\Escritorio\Veliora\B2B AI 
SaaS\node_modules\next\dist\compiled\@opentelemetry\api\index.js:1:7062)
    at ContextAPI.with (C:\Users\pc\OneDrive\Escritorio\Veliora\B2B AI 
SaaS\node_modules\next\dist\compiled\@opentelemetry\api\index.js:1:518)
    at NoopTracer.startActiveSpan (C:\Users\pc\OneDrive\Escritorio\Veliora\B2B AI 
SaaS\node_modules\next\dist\compiled\@opentelemetry\api\index.js:1:18093)
    at ProxyTracer.startActiveSpan (C:\Users\pc\OneDrive\Escritorio\Veliora\B2B AI 
SaaS\node_modules\next\dist\compiled\@opentelemetry\api\index.js:1:18854) {
  description: "Route /api/products-by-sku couldn't be rendered statically because it used `cookies`. See more info 
here: https://nextjs.org/docs/messages/dynamic-server-error",
  digest: 'DYNAMIC_SERVER_USAGE'
}
   Generating static pages (8/32) 
   Generating static pages (16/32) 
Error en export-all: n [Error]: Dynamic server usage: Route /api/export-all couldn't be rendered statically because it 
used `cookies`. See more info here: https://nextjs.org/docs/messages/dynamic-server-error
    at l (C:\Users\pc\OneDrive\Escritorio\Veliora\B2B AI SaaS\.next\server\chunks\276.js:1:37218)
    at d (C:\Users\pc\OneDrive\Escritorio\Veliora\B2B AI SaaS\.next\server\chunks\355.js:5:9237)
    at o (C:\Users\pc\OneDrive\Escritorio\Veliora\B2B AI SaaS\.next\server\app\api\extract-invoice\route.js:1:3906)
    at d (C:\Users\pc\OneDrive\Escritorio\Veliora\B2B AI SaaS\.next\server\app\api\export-all\route.js:1:1126)
    at C:\Users\pc\OneDrive\Escritorio\Veliora\B2B AI 
SaaS\node_modules\next\dist\compiled\next-server\app-route.runtime.prod.js:6:38417
    at C:\Users\pc\OneDrive\Escritorio\Veliora\B2B AI SaaS\node_modules\next\dist\server\lib\trace\tracer.js:140:36
    at NoopContextManager.with (C:\Users\pc\OneDrive\Escritorio\Veliora\B2B AI 
SaaS\node_modules\next\dist\compiled\@opentelemetry\api\index.js:1:7062)
    at ContextAPI.with (C:\Users\pc\OneDrive\Escritorio\Veliora\B2B AI 
SaaS\node_modules\next\dist\compiled\@opentelemetry\api\index.js:1:518)
    at NoopTracer.startActiveSpan (C:\Users\pc\OneDrive\Escritorio\Veliora\B2B AI 
SaaS\node_modules\next\dist\compiled\@opentelemetry\api\index.js:1:18093)
    at ProxyTracer.startActiveSpan (C:\Users\pc\OneDrive\Escritorio\Veliora\B2B AI 
SaaS\node_modules\next\dist\compiled\@opentelemetry\api\index.js:1:18854) {
  description: "Route /api/export-all couldn't be rendered statically because it used `cookies`. See more info here: 
https://nextjs.org/docs/messages/dynamic-server-error",
  digest: 'DYNAMIC_SERVER_USAGE'
}
   Generating static pages (24/32) 
 Ô£ô Generating static pages (32/32)
   Finalizing page optimization ...
   Collecting build traces ...

Route (app)                              Size     First Load JS
Ôöî Ôùï /_not-found                          876 B          88.4 kB
Ôö£ Ôùï /admin/sincronizar                   1.15 kB        88.7 kB
Ôö£ ãÆ /api/add-stock                       0 B                0 B
Ôö£ ãÆ /api/analyze-business                0 B                0 B
Ôö£ ãÆ /api/export-all                      0 B                0 B
Ôö£ ãÆ /api/extract-invoice                 0 B                0 B
Ôö£ ãÆ /api/products-by-sku                 0 B                0 B
Ôö£ ãÆ /api/register-device                 0 B                0 B
Ôö£ ãÆ /api/set-pin                         0 B                0 B
Ôö£ ãÆ /api/verify-pin                      0 B                0 B
Ôö£ ãÆ /api/whatsapp-alert                  0 B                0 B
Ôö£ ãÆ /auth/callback                       0 B                0 B
Ôö£ Ôùï /configuracion                       3.63 kB         156 kB
Ôö£ ãÆ /dashboard                           11.5 kB         164 kB
Ôö£ ãÆ /exportar-todo                       1.75 kB          98 kB
Ôö£ Ôùï /gastos                              6.42 kB         191 kB
Ôö£ ãÆ /importar                            5.06 kB         245 kB
Ôö£ ãÆ /ingresos                            7.32 kB         250 kB
Ôö£ ãÆ /ingresos/[id]/editar                4.95 kB        92.5 kB
Ôö£ Ôùï /ingresos/nuevo                      9.08 kB         162 kB
Ôö£ Ôùï /login                               2.12 kB         155 kB
Ôö£ Ôùï /metricas                            128 kB          312 kB
Ôö£ Ôùï /privacidad                          150 B          87.7 kB
Ôö£ Ôùï /registro                            4.09 kB         157 kB
Ôö£ Ôùï /salud                               4.26 kB         157 kB
Ôö£ Ôùï /seguridad                           150 B          87.7 kB
Ôö£ ãÆ /superadmin                          6.32 kB         101 kB
Ôö£ ãÆ /suscripcion-expirada                150 B          87.7 kB
Ôö£ Ôùï /terminos                            150 B          87.7 kB
Ôö£ Ôùï /ventas                              5.48 kB         158 kB
Ôöö Ôùï /ventas/nueva                        6.71 kB         191 kB
+ First Load JS shared by all            87.6 kB
  Ôö£ chunks/117-481edb21d0c299ae.js       31.9 kB
  Ôö£ chunks/fd9d1056-6b866589898d1a6e.js  53.6 kB
  Ôöö other shared chunks (total)          2.02 kB


ãÆ Middleware                             82.4 kB

Ôùï  (Static)   prerendered as static content
ãÆ  (Dynamic)  server-rendered on demand

